f:\aitest\enibox\src\enibox.loader\enibox.loader\release\vc145.pdb
f:\aitest\enibox\src\enibox.loader\enibox.loader\release\hook.obj
f:\aitest\enibox\src\enibox.loader\enibox.loader\release\crc32.obj
f:\aitest\enibox\src\enibox.loader\enibox.loader\release\lzma_dec.obj
f:\aitest\enibox\src\enibox.loader\enibox.loader\release\inject.obj
f:\aitest\enibox\src\enibox.loader\enibox.loader\release\hook_registry.obj
f:\aitest\enibox\src\enibox.loader\enibox.loader\release\hook_process.obj
f:\aitest\enibox\src\enibox.loader\enibox.loader\release\hook_filemapping.obj
f:\aitest\enibox\src\enibox.loader\enibox.loader\release\hook_findfile.obj
f:\aitest\enibox\src\enibox.loader\enibox.loader\release\hook_ntapi.obj
f:\aitest\enibox\src\enibox.loader\enibox.loader\release\hook_fileapi.obj
f:\aitest\enibox\src\enibox.loader\enibox.loader\release\hook_manager.obj
f:\aitest\enibox\src\enibox.loader\enibox.loader\release\vfs_handle.obj
f:\aitest\enibox\src\enibox.loader\enibox.loader\release\vfs_hashtable.obj
f:\aitest\enibox\src\enibox.loader\enibox.loader\release\vfs_runtime.obj
f:\aitest\enibox\src\enibox.loader\enibox.loader\release\loader_main.obj
f:\aitest\enibox\src\enibox.loader\release\enibox.loader.dll
f:\aitest\enibox\src\enibox.loader\enibox.loader\release\enibox.loader.ipdb
f:\aitest\enibox\src\enibox.loader\enibox.loader\release\enibox.loader.iobj
f:\aitest\enibox\src\enibox.loader\enibox.loader\release\enibox.loader.tlog\cl.command.1.tlog
f:\aitest\enibox\src\enibox.loader\enibox.loader\release\enibox.loader.tlog\cl.items.tlog
f:\aitest\enibox\src\enibox.loader\enibox.loader\release\enibox.loader.tlog\cl.read.1.tlog
f:\aitest\enibox\src\enibox.loader\enibox.loader\release\enibox.loader.tlog\cl.write.1.tlog
f:\aitest\enibox\src\enibox.loader\enibox.loader\release\enibox.loader.tlog\link.command.1.tlog
f:\aitest\enibox\src\enibox.loader\enibox.loader\release\enibox.loader.tlog\link.read.1.tlog
f:\aitest\enibox\src\enibox.loader\enibox.loader\release\enibox.loader.tlog\link.secondary.1.tlog
f:\aitest\enibox\src\enibox.loader\enibox.loader\release\enibox.loader.tlog\link.write.1.tlog
