f:\aitest\enibox\src\enibox.petool\enibox.petool\x64\release\vc145.pdb
f:\aitest\enibox\src\enibox.petool\enibox.petool\x64\release\crc32.obj
f:\aitest\enibox\src\enibox.petool\enibox.petool\x64\release\pe_main.obj
f:\aitest\enibox\src\enibox.petool\enibox.petool\x64\release\pe_context.obj
f:\aitest\enibox\src\enibox.petool\enibox.petool\x64\release\pe_modifier.obj
f:\aitest\enibox\src\enibox.petool\enibox.petool\x64\release\pe_parser.obj
f:\aitest\enibox\src\enibox.petool\x64\release\enibox.petool.dll
f:\aitest\enibox\src\enibox.petool\x64\release\enibox.petool.pdb
f:\aitest\enibox\src\enibox.petool\x64\release\enibox.petool.lib
f:\aitest\enibox\src\enibox.petool\x64\release\enibox.petool.exp
f:\aitest\enibox\src\enibox.petool\enibox.petool\x64\release\enibox.petool.ipdb
f:\aitest\enibox\src\enibox.petool\enibox.petool\x64\release\enibox.petool.iobj
f:\aitest\enibox\src\enibox.petool\enibox.petool\x64\release\enibox.petool.tlog\cl.command.1.tlog
f:\aitest\enibox\src\enibox.petool\enibox.petool\x64\release\enibox.petool.tlog\cl.items.tlog
f:\aitest\enibox\src\enibox.petool\enibox.petool\x64\release\enibox.petool.tlog\cl.read.1.tlog
f:\aitest\enibox\src\enibox.petool\enibox.petool\x64\release\enibox.petool.tlog\cl.write.1.tlog
f:\aitest\enibox\src\enibox.petool\enibox.petool\x64\release\enibox.petool.tlog\link.command.1.tlog
f:\aitest\enibox\src\enibox.petool\enibox.petool\x64\release\enibox.petool.tlog\link.read.1.tlog
f:\aitest\enibox\src\enibox.petool\enibox.petool\x64\release\enibox.petool.tlog\link.secondary.1.tlog
f:\aitest\enibox\src\enibox.petool\enibox.petool\x64\release\enibox.petool.tlog\link.write.1.tlog
